// Vitest Snapshot v1, https://vitest.dev/guide/snapshot.html

exports[` 1`] = `
<DocumentFragment>
  <p
    class="chakra-text css-1infxn0"
  >
    Todays Highglights
  </p>
  <div
    class="css-kl5uk3"
  >
    <div
      class="chakra-card css-rrzei3"
    >
      <div
        class="chakra-card__body css-rzdfkz"
      >
        <p
          class="chakra-text css-15bto3y"
        >
          Wind Status
        </p>
        <div
          class="css-skjq34"
        >
          <p
            class="chakra-text css-1bsg0uq"
          >
            3.58
          </p>
          <p
            class="chakra-text css-1v15ftq"
          >
            mph
          </p>
        </div>
        <svg
          class="chakra-icon css-13otjrl"
          fill="currentColor"
          focusable="false"
          height="1em"
          role="img"
          stroke="currentColor"
          stroke-width="0"
          style="transform: rotate(50deg);"
          viewBox="0 0 448 512"
          width="1em"
          xmlns="http://www.w3.org/2000/svg"
        >
          <path
            d="M429.6 92.1c4.9-11.9 2.1-25.6-7-34.7s-22.8-11.9-34.7-7l-352 144c-14.2 5.8-22.2 20.8-19.3 35.8s16.1 25.8 31.4 25.8H224V432c0 15.3 10.8 28.4 25.8 31.4s30-5.1 35.8-19.3l144-352z"
          />
        </svg>
      </div>
    </div>
    <div
      class="chakra-card css-rrzei3"
    >
      <div
        class="chakra-card__body css-rzdfkz"
      >
        <p
          class="chakra-text css-15bto3y"
        >
          Humidity
        </p>
        <div
          class="css-skjq34"
        >
          <p
            class="chakra-text css-1bsg0uq"
          >
            99
          </p>
          <p
            class="chakra-text css-1v15ftq"
          >
            %
          </p>
        </div>
        <div
          class="css-1i7xuna"
        >
          <div
            aria-valuemax="100"
            aria-valuemin="0"
            aria-valuenow="99"
            class="css-1jrtelv"
            role="progressbar"
            style="width: 99%;"
          />
        </div>
      </div>
    </div>
    <div
      class="chakra-card css-rrzei3"
    >
      <div
        class="chakra-card__body css-rzdfkz"
      >
        <p
          class="chakra-text css-15bto3y"
        >
          Visibility
        </p>
        <div
          class="css-skjq34"
        >
          <p
            class="chakra-text css-1bsg0uq"
          >
            10000
          </p>
          <p
            class="chakra-text css-1v15ftq"
          >
            miles
          </p>
        </div>
      </div>
    </div>
    <div
      class="chakra-card css-rrzei3"
    >
      <div
        class="chakra-card__body css-rzdfkz"
      >
        <p
          class="chakra-text css-15bto3y"
        >
          Air Pressure
        </p>
        <div
          class="css-skjq34"
        >
          <p
            class="chakra-text css-1bsg0uq"
          >
            1013
          </p>
          <p
            class="chakra-text css-1v15ftq"
          >
            mb
          </p>
        </div>
      </div>
    </div>
  </div>
  <span
    hidden=""
    id="__chakra_env"
  />
</DocumentFragment>
`;
